#
# There is insufficient memory for the Java Runtime Environment to continue.
# Native memory allocation (malloc) failed to allocate 175776 bytes. Error detail: Chunk::new
# Possible reasons:
#   The system is out of physical RAM or swap space
#   This process is running with CompressedOops enabled, and the Java Heap may be blocking the growth of the native heap
# Possible solutions:
#   Reduce memory load on the system
#   Increase physical memory or swap space
#   Check if swap backing store is full
#   Decrease Java heap size (-Xmx/-Xms)
#   Decrease number of Java threads
#   Decrease Java thread stack sizes (-Xss)
#   Set larger code cache with -XX:ReservedCodeCacheSize=
#   JVM is running with Unscaled Compressed Oops mode in which the Java heap is
#     placed in the first 4GB address space. The Java Heap base address is the
#     maximum limit for the native heap growth. Please use -XX:HeapBaseMinAddress
#     to set the Java Heap base and to place the Java Heap above 4GB virtual address.
# This output file may be truncated or incomplete.
#
#  Out of Memory Error (arena.cpp:168), pid=14032, tid=9536
#
# JRE version: OpenJDK Runtime Environment Temurin-21.0.8+9 (21.0.8+9) (build 21.0.8+9-LTS)
# Java VM: OpenJDK 64-Bit Server VM Temurin-21.0.8+9 (21.0.8+9-LTS, mixed mode, sharing, tiered, compressed oops, compressed class ptrs, parallel gc, windows-amd64)
# No core dump will be written. Minidumps are not enabled by default on client versions of Windows
#

---------------  S U M M A R Y ------------

Command Line: --add-modules=ALL-SYSTEM --add-opens=java.base/java.util=ALL-UNNAMED --add-opens=java.base/java.lang=ALL-UNNAMED --add-opens=java.base/sun.nio.fs=ALL-UNNAMED -Declipse.application=org.eclipse.jdt.ls.core.id1 -Dosgi.bundles.defaultStartLevel=4 -Declipse.product=org.eclipse.jdt.ls.core.product -Djava.import.generatesMetadataFilesAtProjectRoot=false -DDetectVMInstallationsJob.disabled=true -Dfile.encoding=utf8 -XX:+UseParallelGC -XX:GCTimeRatio=4 -XX:AdaptiveSizePolicyWeight=90 -Dsun.zip.disableMemoryMapping=true -Xmx2G -Xms100m -Xlog:disable -javaagent:c:\Users\Dhanu\.vscode\extensions\redhat.java-1.46.0-win32-x64\lombok\lombok-1.18.39-4050.jar -XX:+HeapDumpOnOutOfMemoryError -XX:HeapDumpPath=c:\Users\Dhanu\AppData\Roaming\Code\User\workspaceStorage\94e23e3735862b9111d7885f3dc79269\redhat.java -Daether.dependencyCollector.impl=bf c:\Users\Dhanu\.vscode\extensions\redhat.java-1.46.0-win32-x64\server\plugins\org.eclipse.equinox.launcher_1.7.0.v20250519-0528.jar -configuration c:\Users\Dhanu\AppData\Roaming\Code\User\globalStorage\redhat.java\1.46.0\config_win -data c:\Users\Dhanu\AppData\Roaming\Code\User\workspaceStorage\94e23e3735862b9111d7885f3dc79269\redhat.java\jdt_ws --pipe=\\.\pipe\lsp-b78025f44cbe89a888ec566463ee9c05-sock

Host: 11th Gen Intel(R) Core(TM) i5-1135G7 @ 2.40GHz, 8 cores, 7G,  Windows 11 , 64 bit Build 26100 (10.0.26100.7019)
Time: Thu Nov  6 06:49:01 2025 India Standard Time elapsed time: 57.620196 seconds (0d 0h 0m 57s)

---------------  T H R E A D  ---------------

Current thread (0x000001dd28c71880):  JavaThread "C2 CompilerThread0" daemon [_thread_in_native, id=9536, stack(0x0000001747300000,0x0000001747400000) (1024K)]


Current CompileTask:
C2:57620 3012   !   4       java.io.BufferedInputStream::read (69 bytes)

Stack: [0x0000001747300000,0x0000001747400000]
Native frames: (J=compiled Java code, j=interpreted, Vv=VM code, C=native code)
V  [jvm.dll+0x6d2449]
V  [jvm.dll+0x8ae341]
V  [jvm.dll+0x8b08be]
V  [jvm.dll+0x8b0fa3]
V  [jvm.dll+0x280c96]
V  [jvm.dll+0xc581d]
V  [jvm.dll+0xc5d53]
V  [jvm.dll+0x2f539d]
V  [jvm.dll+0x5fa00a]
V  [jvm.dll+0x252092]
V  [jvm.dll+0x24a56e]
V  [jvm.dll+0x2483a4]
V  [jvm.dll+0x1c89ee]
V  [jvm.dll+0x257d4d]
V  [jvm.dll+0x2562ea]
V  [jvm.dll+0x3f2d16]
V  [jvm.dll+0x857e6b]
V  [jvm.dll+0x6d0b0d]
C  [ucrtbase.dll+0x37b0]
C  [KERNEL32.DLL+0x2e8d7]
C  [ntdll.dll+0x8c53c]


---------------  P R O C E S S  ---------------

Threads class SMR info:
_java_thread_list=0x000001dd82104e60, length=17, elements={
0x000001dd269ea480, 0x000001dd28d9c3a0, 0x000001dd28c54f80, 0x000001dd28c57260,
0x000001dd28c593d0, 0x000001dd28c5cf70, 0x000001dd28c5dc90, 0x000001dd28c71880,
0x000001dd28c740e0, 0x000001dd28c5e320, 0x000001dd28c5e9b0, 0x000001dd28c5f040,
0x000001dd28c5f6d0, 0x000001dd28c5c250, 0x000001dd28c5d600, 0x000001dd87522320,
0x000001dd875236d0
}

Java Threads: ( => current thread )
  0x000001dd269ea480 JavaThread "main"                              [_thread_blocked, id=27796, stack(0x0000001746900000,0x0000001746a00000) (1024K)]
  0x000001dd28d9c3a0 JavaThread "Reference Handler"          daemon [_thread_blocked, id=23132, stack(0x0000001746d00000,0x0000001746e00000) (1024K)]
  0x000001dd28c54f80 JavaThread "Finalizer"                  daemon [_thread_blocked, id=12032, stack(0x0000001746e00000,0x0000001746f00000) (1024K)]
  0x000001dd28c57260 JavaThread "Signal Dispatcher"          daemon [_thread_blocked, id=10016, stack(0x0000001746f00000,0x0000001747000000) (1024K)]
  0x000001dd28c593d0 JavaThread "Attach Listener"            daemon [_thread_blocked, id=14132, stack(0x0000001747000000,0x0000001747100000) (1024K)]
  0x000001dd28c5cf70 JavaThread "Service Thread"             daemon [_thread_blocked, id=24056, stack(0x0000001747100000,0x0000001747200000) (1024K)]
  0x000001dd28c5dc90 JavaThread "Monitor Deflation Thread"   daemon [_thread_blocked, id=24948, stack(0x0000001747200000,0x0000001747300000) (1024K)]
=>0x000001dd28c71880 JavaThread "C2 CompilerThread0"         daemon [_thread_in_native, id=9536, stack(0x0000001747300000,0x0000001747400000) (1024K)]
  0x000001dd28c740e0 JavaThread "C1 CompilerThread0"         daemon [_thread_blocked, id=27104, stack(0x0000001747400000,0x0000001747500000) (1024K)]
  0x000001dd28c5e320 JavaThread "Common-Cleaner"             daemon [_thread_blocked, id=7696, stack(0x0000001747500000,0x0000001747600000) (1024K)]
  0x000001dd28c5e9b0 JavaThread "Notification Thread"        daemon [_thread_blocked, id=21384, stack(0x0000001747600000,0x0000001747700000) (1024K)]
  0x000001dd28c5f040 JavaThread "Active Thread: Equinox Container: bcc01334-ad7f-415a-ab2a-987486ecf725"        [_thread_blocked, id=12484, stack(0x0000001747d00000,0x0000001747e00000) (1024K)]
  0x000001dd28c5f6d0 JavaThread "Refresh Thread: Equinox Container: bcc01334-ad7f-415a-ab2a-987486ecf725" daemon [_thread_blocked, id=18604, stack(0x0000001747e00000,0x0000001747f00000) (1024K)]
  0x000001dd28c5c250 JavaThread "Framework Event Dispatcher: Equinox Container: bcc01334-ad7f-415a-ab2a-987486ecf725" daemon [_thread_blocked, id=2340, stack(0x0000001748000000,0x0000001748100000) (1024K)]
  0x000001dd28c5d600 JavaThread "Start Level: Equinox Container: bcc01334-ad7f-415a-ab2a-987486ecf725" daemon [_thread_in_native, id=11180, stack(0x0000001748100000,0x0000001748200000) (1024K)]
  0x000001dd87522320 JavaThread "Bundle File Closer"         daemon [_thread_blocked, id=15384, stack(0x0000001748200000,0x0000001748300000) (1024K)]
  0x000001dd875236d0 JavaThread "SCR Component Actor"        daemon [_thread_blocked, id=17504, stack(0x0000001748300000,0x0000001748400000) (1024K)]
Total: 17

Other Threads:
  0x000001dd28d80760 VMThread "VM Thread"                           [id=3128, stack(0x0000001746c00000,0x0000001746d00000) (1024K)]
  0x000001dd28d4c080 WatcherThread "VM Periodic Task Thread"        [id=21884, stack(0x0000001746b00000,0x0000001746c00000) (1024K)]
  0x000001dd28cfbc00 WorkerThread "GC Thread#0"                     [id=26736, stack(0x0000001746a00000,0x0000001746b00000) (1024K)]
  0x000001dd82785540 WorkerThread "GC Thread#1"                     [id=25212, stack(0x0000001747700000,0x0000001747800000) (1024K)]
  0x000001dd823aacb0 WorkerThread "GC Thread#2"                     [id=28580, stack(0x0000001747800000,0x0000001747900000) (1024K)]
  0x000001dd82a3c6f0 WorkerThread "GC Thread#3"                     [id=13556, stack(0x0000001747900000,0x0000001747a00000) (1024K)]
  0x000001dd82a3ca90 WorkerThread "GC Thread#4"                     [id=7616, stack(0x0000001747a00000,0x0000001747b00000) (1024K)]
  0x000001dd824a7f20 WorkerThread "GC Thread#5"                     [id=2672, stack(0x0000001747b00000,0x0000001747c00000) (1024K)]
  0x000001dd824a82c0 WorkerThread "GC Thread#6"                     [id=15132, stack(0x0000001747c00000,0x0000001747d00000) (1024K)]
  0x000001dd825174c0 WorkerThread "GC Thread#7"                     [id=12560, stack(0x0000001747f00000,0x0000001748000000) (1024K)]
Total: 10

Threads with active compile tasks:
C2 CompilerThread0  57680 3012   !   4       java.io.BufferedInputStream::read (69 bytes)
Total: 1

VM state: not at safepoint (normal execution)

VM Mutex/Monitor currently owned by a thread: None

Heap address: 0x0000000080000000, size: 2048 MB, Compressed Oops mode: 32-bit

CDS archive(s) mapped at: [0x000001dd40000000-0x000001dd40ba0000-0x000001dd40ba0000), size 12189696, SharedBaseAddress: 0x000001dd40000000, ArchiveRelocationMode: 1.
Compressed class space mapped at: 0x000001dd41000000-0x000001dd81000000, reserved size: 1073741824
Narrow klass base: 0x000001dd40000000, Narrow klass shift: 0, Narrow klass range: 0x100000000

GC Precious Log:
 CardTable entry size: 512
 CPUs: 8 total, 8 available
 Memory: 7926M
 Large Page Support: Disabled
 NUMA Support: Disabled
 Compressed Oops: Enabled (32-bit)
 Alignments: Space 512K, Generation 512K, Heap 2M
 Heap Min Capacity: 100M
 Heap Initial Capacity: 100M
 Heap Max Capacity: 2G
 Pre-touch: Disabled
 Parallel Workers: 8

Heap:
 PSYoungGen      total 29696K, used 16786K [0x00000000d5580000, 0x00000000d7680000, 0x0000000100000000)
  eden space 25600K, 49% used [0x00000000d5580000,0x00000000d61e6698,0x00000000d6e80000)
  from space 4096K, 99% used [0x00000000d7280000,0x00000000d767e178,0x00000000d7680000)
  to   space 4096K, 0% used [0x00000000d6e80000,0x00000000d6e80000,0x00000000d7280000)
 ParOldGen       total 68608K, used 6584K [0x0000000080000000, 0x0000000084300000, 0x00000000d5580000)
  object space 68608K, 9% used [0x0000000080000000,0x000000008066e258,0x0000000084300000)
 Metaspace       used 13151K, committed 13504K, reserved 1114112K
  class space    used 1352K, committed 1536K, reserved 1048576K

Card table byte_map: [0x000001dd28680000,0x000001dd28a90000] _byte_map_base: 0x000001dd28280000

Marking Bits: (ParMarkBitMap*) 0x00007ffe10eaa340
 Begin Bits: [0x000001dd3b180000, 0x000001dd3d180000)
 End Bits:   [0x000001dd3d180000, 0x000001dd3f180000)

Polling page: 0x000001dd28420000

Metaspace:

Usage:
  Non-class:     11.53 MB used.
      Class:      1.32 MB used.
       Both:     12.85 MB used.

Virtual space:
  Non-class space:       64.00 MB reserved,      11.75 MB ( 18%) committed,  1 nodes.
      Class space:        1.00 GB reserved,       1.50 MB ( <1%) committed,  1 nodes.
             Both:        1.06 GB reserved,      13.25 MB (  1%) committed. 

Chunk freelists:
   Non-Class:  3.73 MB
       Class:  14.55 MB
        Both:  18.28 MB

MaxMetaspaceSize: unlimited
CompressedClassSpaceSize: 1.00 GB
Initial GC threshold: 21.00 MB
Current GC threshold: 21.00 MB
CDS: on
 - commit_granule_bytes: 65536.
 - commit_granule_words: 8192.
 - virtual_space_node_default_size: 8388608.
 - enlarge_chunks_in_place: 1.
 - use_allocation_guard: 0.


Internal statistics:

num_allocs_failed_limit: 0.
num_arena_births: 284.
num_arena_deaths: 0.
num_vsnodes_births: 2.
num_vsnodes_deaths: 0.
num_space_committed: 212.
num_space_uncommitted: 0.
num_chunks_returned_to_freelist: 0.
num_chunks_taken_from_freelist: 671.
num_chunk_merges: 0.
num_chunk_splits: 421.
num_chunks_enlarged: 282.
num_inconsistent_stats: 0.

CodeHeap 'non-profiled nmethods': size=120000Kb used=1277Kb max_used=1277Kb free=118722Kb
 bounds [0x000001dd339a0000, 0x000001dd33c10000, 0x000001dd3aed0000]
CodeHeap 'profiled nmethods': size=120000Kb used=6226Kb max_used=6226Kb free=113773Kb
 bounds [0x000001dd2bed0000, 0x000001dd2c4f0000, 0x000001dd33400000]
CodeHeap 'non-nmethods': size=5760Kb used=1252Kb max_used=1266Kb free=4508Kb
 bounds [0x000001dd33400000, 0x000001dd33670000, 0x000001dd339a0000]
CodeCache: size=245760Kb, used=8755Kb, max_used=8769Kb, free=237003Kb
 total_blobs=3535, nmethods=3027, adapters=414, full_count=0
Compilation: enabled, stopped_count=0, restarted_count=0

Compilation events (20 events):
Event: 55.579 Thread 0x000001dd28c740e0 nmethod 3010 0x000001dd2c4c7a90 code [0x000001dd2c4c7d80, 0x000001dd2c4c9120]
Event: 55.579 Thread 0x000001dd28c740e0 3008       3       java.util.zip.Inflater::<init> (28 bytes)
Event: 55.580 Thread 0x000001dd28c740e0 nmethod 3008 0x000001dd2c4c9b10 code [0x000001dd2c4c9d00, 0x000001dd2c4ca118]
Event: 55.580 Thread 0x000001dd28c740e0 3013       3       com.sun.org.apache.xerces.internal.impl.XMLEntityScanner::skipSpaces (362 bytes)
Event: 55.582 Thread 0x000001dd28c740e0 nmethod 3013 0x000001dd2c4ca310 code [0x000001dd2c4ca5a0, 0x000001dd2c4cb088]
Event: 55.582 Thread 0x000001dd28c740e0 3014       3       org.eclipse.core.internal.registry.Extension::getExtensionPointIdentifier (15 bytes)
Event: 55.583 Thread 0x000001dd28c740e0 nmethod 3014 0x000001dd2c4cb510 code [0x000001dd2c4cb6c0, 0x000001dd2c4cb880]
Event: 55.583 Thread 0x000001dd28c740e0 3015       3       org.eclipse.core.internal.registry.Extension::getExtraData (100 bytes)
Event: 55.584 Thread 0x000001dd28c740e0 nmethod 3015 0x000001dd2c4cb990 code [0x000001dd2c4cbbe0, 0x000001dd2c4cca68]
Event: 55.586 Thread 0x000001dd28c71880 nmethod 3009 0x000001dd33ade910 code [0x000001dd33adeae0, 0x000001dd33adf010]
Event: 55.586 Thread 0x000001dd28c71880 3012   !   4       java.io.BufferedInputStream::read (69 bytes)
Event: 55.613 Thread 0x000001dd28c740e0 3016       3       org.eclipse.osgi.util.ManifestElement::<init> (15 bytes)
Event: 55.613 Thread 0x000001dd28c740e0 nmethod 3016 0x000001dd2c4ccd90 code [0x000001dd2c4ccf40, 0x000001dd2c4cd0d8]
Event: 55.613 Thread 0x000001dd28c740e0 3017       3       org.eclipse.osgi.util.ManifestElement::getTableValue (56 bytes)
Event: 55.614 Thread 0x000001dd28c740e0 nmethod 3017 0x000001dd2c4cd190 code [0x000001dd2c4cd3a0, 0x000001dd2c4cdc10]
Event: 55.614 Thread 0x000001dd28c740e0 3018       3       com.sun.org.apache.xerces.internal.impl.dtd.XMLDTDValidator::getPropertyDefault (36 bytes)
Event: 55.614 Thread 0x000001dd28c740e0 nmethod 3018 0x000001dd2c4cdd90 code [0x000001dd2c4cdf60, 0x000001dd2c4ce1f0]
Event: 55.614 Thread 0x000001dd28c740e0 3019       3       com.sun.org.apache.xerces.internal.jaxp.SAXParserFactoryImpl::getFromFeatures (36 bytes)
Event: 55.615 Thread 0x000001dd28c740e0 nmethod 3019 0x000001dd2c4ce310 code [0x000001dd2c4ce4e0, 0x000001dd2c4ce870]
Event: 57.140 Thread 0x000001dd28c740e0 3020       3       org.eclipse.equinox.launcher.Main$SplashHandler::updateSplash (32 bytes)

GC Heap History (8 events):
Event: 2.733 GC heap before
{Heap before GC invocations=1 (full 0):
 PSYoungGen      total 29696K, used 25600K [0x00000000d5580000, 0x00000000d7680000, 0x0000000100000000)
  eden space 25600K, 100% used [0x00000000d5580000,0x00000000d6e80000,0x00000000d6e80000)
  from space 4096K, 0% used [0x00000000d7280000,0x00000000d7280000,0x00000000d7680000)
  to   space 4096K, 0% used [0x00000000d6e80000,0x00000000d6e80000,0x00000000d7280000)
 ParOldGen       total 68608K, used 0K [0x0000000080000000, 0x0000000084300000, 0x00000000d5580000)
  object space 68608K, 0% used [0x0000000080000000,0x0000000080000000,0x0000000084300000)
 Metaspace       used 4316K, committed 4608K, reserved 1114112K
  class space    used 471K, committed 576K, reserved 1048576K
}
Event: 2.748 GC heap after
{Heap after GC invocations=1 (full 0):
 PSYoungGen      total 29696K, used 3328K [0x00000000d5580000, 0x00000000d7680000, 0x0000000100000000)
  eden space 25600K, 0% used [0x00000000d5580000,0x00000000d5580000,0x00000000d6e80000)
  from space 4096K, 81% used [0x00000000d6e80000,0x00000000d71c00b8,0x00000000d7280000)
  to   space 4096K, 0% used [0x00000000d7280000,0x00000000d7280000,0x00000000d7680000)
 ParOldGen       total 68608K, used 16K [0x0000000080000000, 0x0000000084300000, 0x00000000d5580000)
  object space 68608K, 0% used [0x0000000080000000,0x0000000080004000,0x0000000084300000)
 Metaspace       used 4316K, committed 4608K, reserved 1114112K
  class space    used 471K, committed 576K, reserved 1048576K
}
Event: 25.935 GC heap before
{Heap before GC invocations=2 (full 0):
 PSYoungGen      total 29696K, used 28928K [0x00000000d5580000, 0x00000000d7680000, 0x0000000100000000)
  eden space 25600K, 100% used [0x00000000d5580000,0x00000000d6e80000,0x00000000d6e80000)
  from space 4096K, 81% used [0x00000000d6e80000,0x00000000d71c00b8,0x00000000d7280000)
  to   space 4096K, 0% used [0x00000000d7280000,0x00000000d7280000,0x00000000d7680000)
 ParOldGen       total 68608K, used 16K [0x0000000080000000, 0x0000000084300000, 0x00000000d5580000)
  object space 68608K, 0% used [0x0000000080000000,0x0000000080004000,0x0000000084300000)
 Metaspace       used 8021K, committed 8320K, reserved 1114112K
  class space    used 839K, committed 960K, reserved 1048576K
}
Event: 25.947 GC heap after
{Heap after GC invocations=2 (full 0):
 PSYoungGen      total 29696K, used 4069K [0x00000000d5580000, 0x00000000d7680000, 0x0000000100000000)
  eden space 25600K, 0% used [0x00000000d5580000,0x00000000d5580000,0x00000000d6e80000)
  from space 4096K, 99% used [0x00000000d7280000,0x00000000d7679780,0x00000000d7680000)
  to   space 4096K, 0% used [0x00000000d6e80000,0x00000000d6e80000,0x00000000d7280000)
 ParOldGen       total 68608K, used 1774K [0x0000000080000000, 0x0000000084300000, 0x00000000d5580000)
  object space 68608K, 2% used [0x0000000080000000,0x00000000801bb898,0x0000000084300000)
 Metaspace       used 8021K, committed 8320K, reserved 1114112K
  class space    used 839K, committed 960K, reserved 1048576K
}
Event: 33.208 GC heap before
{Heap before GC invocations=3 (full 0):
 PSYoungGen      total 29696K, used 29545K [0x00000000d5580000, 0x00000000d7680000, 0x0000000100000000)
  eden space 25600K, 99% used [0x00000000d5580000,0x00000000d6e60d68,0x00000000d6e80000)
  from space 4096K, 99% used [0x00000000d7280000,0x00000000d7679780,0x00000000d7680000)
  to   space 4096K, 0% used [0x00000000d6e80000,0x00000000d6e80000,0x00000000d7280000)
 ParOldGen       total 68608K, used 1774K [0x0000000080000000, 0x0000000084300000, 0x00000000d5580000)
  object space 68608K, 2% used [0x0000000080000000,0x00000000801bb898,0x0000000084300000)
 Metaspace       used 9425K, committed 9728K, reserved 1114112K
  class space    used 1006K, committed 1152K, reserved 1048576K
}
Event: 33.221 GC heap after
{Heap after GC invocations=3 (full 0):
 PSYoungGen      total 29696K, used 4088K [0x00000000d5580000, 0x00000000d7680000, 0x0000000100000000)
  eden space 25600K, 0% used [0x00000000d5580000,0x00000000d5580000,0x00000000d6e80000)
  from space 4096K, 99% used [0x00000000d6e80000,0x00000000d727e230,0x00000000d7280000)
  to   space 4096K, 0% used [0x00000000d7280000,0x00000000d7280000,0x00000000d7680000)
 ParOldGen       total 68608K, used 4843K [0x0000000080000000, 0x0000000084300000, 0x00000000d5580000)
  object space 68608K, 7% used [0x0000000080000000,0x00000000804baf48,0x0000000084300000)
 Metaspace       used 9425K, committed 9728K, reserved 1114112K
  class space    used 1006K, committed 1152K, reserved 1048576K
}
Event: 51.960 GC heap before
{Heap before GC invocations=4 (full 0):
 PSYoungGen      total 29696K, used 29688K [0x00000000d5580000, 0x00000000d7680000, 0x0000000100000000)
  eden space 25600K, 100% used [0x00000000d5580000,0x00000000d6e80000,0x00000000d6e80000)
  from space 4096K, 99% used [0x00000000d6e80000,0x00000000d727e230,0x00000000d7280000)
  to   space 4096K, 0% used [0x00000000d7280000,0x00000000d7280000,0x00000000d7680000)
 ParOldGen       total 68608K, used 4843K [0x0000000080000000, 0x0000000084300000, 0x00000000d5580000)
  object space 68608K, 7% used [0x0000000080000000,0x00000000804baf48,0x0000000084300000)
 Metaspace       used 11929K, committed 12288K, reserved 1114112K
  class space    used 1246K, committed 1408K, reserved 1048576K
}
Event: 51.971 GC heap after
{Heap after GC invocations=4 (full 0):
 PSYoungGen      total 29696K, used 4088K [0x00000000d5580000, 0x00000000d7680000, 0x0000000100000000)
  eden space 25600K, 0% used [0x00000000d5580000,0x00000000d5580000,0x00000000d6e80000)
  from space 4096K, 99% used [0x00000000d7280000,0x00000000d767e178,0x00000000d7680000)
  to   space 4096K, 0% used [0x00000000d6e80000,0x00000000d6e80000,0x00000000d7280000)
 ParOldGen       total 68608K, used 6584K [0x0000000080000000, 0x0000000084300000, 0x00000000d5580000)
  object space 68608K, 9% used [0x0000000080000000,0x000000008066e258,0x0000000084300000)
 Metaspace       used 11929K, committed 12288K, reserved 1114112K
  class space    used 1246K, committed 1408K, reserved 1048576K
}

Dll operation events (9 events):
Event: 0.159 Loaded shared library c:\Users\Dhanu\.vscode\extensions\redhat.java-1.46.0-win32-x64\jre\21.0.8-win32-x86_64\bin\java.dll
Event: 0.444 Loaded shared library c:\Users\Dhanu\.vscode\extensions\redhat.java-1.46.0-win32-x64\jre\21.0.8-win32-x86_64\bin\zip.dll
Event: 0.546 Loaded shared library C:\Users\Dhanu\.vscode\extensions\redhat.java-1.46.0-win32-x64\jre\21.0.8-win32-x86_64\bin\instrument.dll
Event: 0.573 Loaded shared library C:\Users\Dhanu\.vscode\extensions\redhat.java-1.46.0-win32-x64\jre\21.0.8-win32-x86_64\bin\net.dll
Event: 0.582 Loaded shared library C:\Users\Dhanu\.vscode\extensions\redhat.java-1.46.0-win32-x64\jre\21.0.8-win32-x86_64\bin\nio.dll
Event: 0.590 Loaded shared library C:\Users\Dhanu\.vscode\extensions\redhat.java-1.46.0-win32-x64\jre\21.0.8-win32-x86_64\bin\zip.dll
Event: 0.638 Loaded shared library C:\Users\Dhanu\.vscode\extensions\redhat.java-1.46.0-win32-x64\jre\21.0.8-win32-x86_64\bin\jimage.dll
Event: 0.810 Loaded shared library c:\Users\Dhanu\.vscode\extensions\redhat.java-1.46.0-win32-x64\jre\21.0.8-win32-x86_64\bin\verify.dll
Event: 27.126 Loaded shared library C:\Users\Dhanu\AppData\Roaming\Code\User\globalStorage\redhat.java\1.46.0\config_win\org.eclipse.equinox.launcher\org.eclipse.equinox.launcher.win32.win32.x86_64_1.2.1400.v20250801-0854\eclipse_11916.dll

Deoptimization events (20 events):
Event: 55.447 Thread 0x000001dd28c5d600 DEOPT PACKING pc=0x000001dd33ad7860 sp=0x00000017481f8700
Event: 55.447 Thread 0x000001dd28c5d600 DEOPT UNPACKING pc=0x000001dd33456da2 sp=0x00000017481f8690 mode 2
Event: 55.460 Thread 0x000001dd28c5d600 DEOPT PACKING pc=0x000001dd2c44cfa8 sp=0x00000017481f88f0
Event: 55.460 Thread 0x000001dd28c5d600 DEOPT UNPACKING pc=0x000001dd334578e2 sp=0x00000017481f7db0 mode 0
Event: 55.464 Thread 0x000001dd28c5d600 Uncommon trap: trap_request=0xffffff45 fr.pc=0x000001dd33ad6828 relative=0x0000000000000088
Event: 55.464 Thread 0x000001dd28c5d600 Uncommon trap: reason=unstable_if action=reinterpret pc=0x000001dd33ad6828 method=com.sun.org.apache.xerces.internal.impl.XMLEntityScanner.checkBeforeLoad(Lcom/sun/xml/internal/stream/Entity$ScannedEntity;II)I @ 18 c2
Event: 55.464 Thread 0x000001dd28c5d600 DEOPT PACKING pc=0x000001dd33ad6828 sp=0x00000017481f8860
Event: 55.464 Thread 0x000001dd28c5d600 DEOPT UNPACKING pc=0x000001dd33456da2 sp=0x00000017481f87d0 mode 2
Event: 55.464 Thread 0x000001dd28c5d600 DEOPT PACKING pc=0x000001dd2c44cfa8 sp=0x00000017481f8710
Event: 55.464 Thread 0x000001dd28c5d600 DEOPT UNPACKING pc=0x000001dd334578e2 sp=0x00000017481f7bd0 mode 0
Event: 55.474 Thread 0x000001dd28c5d600 DEOPT PACKING pc=0x000001dd2c44cfa8 sp=0x00000017481f88f0
Event: 55.474 Thread 0x000001dd28c5d600 DEOPT UNPACKING pc=0x000001dd334578e2 sp=0x00000017481f7db0 mode 0
Event: 55.580 Thread 0x000001dd28c5d600 Uncommon trap: trap_request=0xffffff45 fr.pc=0x000001dd33adbc98 relative=0x0000000000000378
Event: 55.580 Thread 0x000001dd28c5d600 Uncommon trap: reason=unstable_if action=reinterpret pc=0x000001dd33adbc98 method=com.sun.org.apache.xerces.internal.impl.XMLEntityScanner.skipSpaces()Z @ 88 c2
Event: 55.580 Thread 0x000001dd28c5d600 DEOPT PACKING pc=0x000001dd33adbc98 sp=0x00000017481f8ac0
Event: 55.580 Thread 0x000001dd28c5d600 DEOPT UNPACKING pc=0x000001dd33456da2 sp=0x00000017481f8a58 mode 2
Event: 55.580 Thread 0x000001dd28c5d600 Uncommon trap: trap_request=0xffffff45 fr.pc=0x000001dd33adca7c relative=0x00000000000000dc
Event: 55.580 Thread 0x000001dd28c5d600 Uncommon trap: reason=unstable_if action=reinterpret pc=0x000001dd33adca7c method=com.sun.org.apache.xerces.internal.impl.XMLEntityScanner.peekChar()I @ 51 c2
Event: 55.580 Thread 0x000001dd28c5d600 DEOPT PACKING pc=0x000001dd33adca7c sp=0x00000017481f8a10
Event: 55.580 Thread 0x000001dd28c5d600 DEOPT UNPACKING pc=0x000001dd33456da2 sp=0x00000017481f8998 mode 2

Classes loaded (20 events):
Event: 51.876 Loading class com/sun/org/apache/xerces/internal/impl/Constants
Event: 51.877 Loading class com/sun/org/apache/xerces/internal/impl/Constants done
Event: 51.877 Loading class com/sun/org/apache/xerces/internal/impl/Constants$ArrayEnumeration
Event: 51.877 Loading class com/sun/org/apache/xerces/internal/impl/Constants$ArrayEnumeration done
Event: 51.889 Loading class com/sun/org/apache/xerces/internal/impl/io/MalformedByteSequenceException
Event: 51.889 Loading class java/io/CharConversionException
Event: 51.890 Loading class java/io/CharConversionException done
Event: 51.890 Loading class com/sun/org/apache/xerces/internal/impl/io/MalformedByteSequenceException done
Event: 51.910 Loading class java/util/concurrent/CompletionStage
Event: 51.911 Loading class java/util/concurrent/CompletionStage done
Event: 51.941 Loading class java/util/concurrent/locks/ReentrantLock$FairSync
Event: 51.942 Loading class java/util/concurrent/locks/ReentrantLock$FairSync done
Event: 52.098 Loading class java/lang/invoke/DirectMethodHandle$StaticAccessor
Event: 52.100 Loading class java/lang/invoke/DirectMethodHandle$StaticAccessor done
Event: 52.112 Loading class java/lang/IllegalCallerException
Event: 52.112 Loading class java/lang/IllegalCallerException done
Event: 52.120 Loading class java/lang/invoke/DirectMethodHandle$1
Event: 52.121 Loading class java/lang/invoke/DirectMethodHandle$1 done
Event: 52.126 Loading class org/xml/sax/SAXParseException
Event: 52.127 Loading class org/xml/sax/SAXParseException done

Classes unloaded (0 events):
No events

Classes redefined (0 events):
No events

Internal exceptions (20 events):
Event: 2.872 Thread 0x000001dd269ea480 Implicit null exception at 0x000001dd33a0ad9a to 0x000001dd33a0afa4
Event: 2.872 Thread 0x000001dd269ea480 Implicit null exception at 0x000001dd339fb13d to 0x000001dd339fb1c1
Event: 3.253 Thread 0x000001dd269ea480 Exception <a 'java/lang/NoSuchMethodError'{0x00000000d5a07b98}: 'void java.lang.invoke.DirectMethodHandle$Holder.invokeSpecial(java.lang.Object, java.lang.Object, java.lang.Object)'> (0x00000000d5a07b98) 
thrown [s\src\hotspot\share\interpreter\linkResolver.cpp, line 773]
Event: 3.718 Thread 0x000001dd269ea480 Exception <a 'java/lang/NoSuchMethodError'{0x00000000d63f9298}: 'int java.lang.invoke.DirectMethodHandle$Holder.invokeVirtual(java.lang.Object, java.lang.Object)'> (0x00000000d63f9298) 
thrown [s\src\hotspot\share\interpreter\linkResolver.cpp, line 773]
Event: 4.391 Thread 0x000001dd269ea480 Exception <a 'java/lang/NoSuchMethodError'{0x00000000d6571f60}: 'int java.lang.invoke.DirectMethodHandle$Holder.invokeStaticInit(java.lang.Object, java.lang.Object, java.lang.Object, java.lang.Object)'> (0x00000000d6571f60) 
thrown [s\src\hotspot\share\interpreter\linkResolver.cpp, line 773]
Event: 4.393 Thread 0x000001dd269ea480 Exception <a 'java/lang/IncompatibleClassChangeError'{0x00000000d657a628}: Found class java.lang.Object, but interface was expected> (0x00000000d657a628) 
thrown [s\src\hotspot\share\interpreter\linkResolver.cpp, line 840]
Event: 4.473 Thread 0x000001dd269ea480 Exception <a 'java/lang/NoSuchMethodError'{0x00000000d6580c58}: 'void java.lang.invoke.DirectMethodHandle$Holder.invokeStaticInit(java.lang.Object, java.lang.Object)'> (0x00000000d6580c58) 
thrown [s\src\hotspot\share\interpreter\linkResolver.cpp, line 773]
Event: 4.475 Thread 0x000001dd269ea480 Exception <a 'java/lang/NoSuchMethodError'{0x00000000d6589e70}: 'int java.lang.invoke.DirectMethodHandle$Holder.invokeStaticInit(java.lang.Object, java.lang.Object)'> (0x00000000d6589e70) 
thrown [s\src\hotspot\share\interpreter\linkResolver.cpp, line 773]
Event: 4.631 Thread 0x000001dd269ea480 Exception <a 'java/lang/NoSuchMethodError'{0x00000000d67d4f70}: 'java.lang.Object java.lang.invoke.DirectMethodHandle$Holder.newInvokeSpecial(java.lang.Object, int, java.lang.Object)'> (0x00000000d67d4f70) 
thrown [s\src\hotspot\share\interpreter\linkResolver.cpp, line 773]
Event: 4.795 Thread 0x000001dd269ea480 Exception <a 'java/lang/ClassNotFoundException'{0x00000000d69eec68}: sun/net/www/protocol/plurl/Handler> (0x00000000d69eec68) 
thrown [s\src\hotspot\share\classfile\systemDictionary.cpp, line 312]
Event: 4.796 Thread 0x000001dd269ea480 Exception <a 'java/lang/ClassNotFoundException'{0x00000000d69efae8}: sun/net/www/protocol/plurl/Handler> (0x00000000d69efae8) 
thrown [s\src\hotspot\share\classfile\systemDictionary.cpp, line 312]
Event: 25.928 Thread 0x000001dd269ea480 Exception <a 'java/lang/UnsatisfiedLinkError'{0x00000000d6e41f20}: 'void org.eclipse.equinox.launcher.JNIBridge._update_splash()'> (0x00000000d6e41f20) 
thrown [s\src\hotspot\share\prims\nativeLookup.cpp, line 415]
Event: 26.016 Thread 0x000001dd28c5f6d0 Exception <a 'java/lang/NoSuchMethodError'{0x00000000d5800798}: 'void java.lang.invoke.DirectMethodHandle$Holder.invokeInterface(java.lang.Object, java.lang.Object, java.lang.Object)'> (0x00000000d5800798) 
thrown [s\src\hotspot\share\interpreter\linkResolver.cpp, line 773]
Event: 27.382 Thread 0x000001dd28c5d600 Exception <a 'java/lang/NoSuchMethodError'{0x00000000d5c37af8}: 'java.lang.Object java.lang.invoke.DirectMethodHandle$Holder.newInvokeSpecial(java.lang.Object, java.lang.Object, int, java.lang.Object)'> (0x00000000d5c37af8) 
thrown [s\src\hotspot\share\interpreter\linkResolver.cpp, line 773]
Event: 27.383 Thread 0x000001dd28c5d600 Exception <a 'java/lang/NoSuchMethodError'{0x00000000d5c3b968}: 'java.lang.Object java.lang.invoke.DirectMethodHandle$Holder.invokeSpecial(java.lang.Object, java.lang.Object, java.lang.Object, int, java.lang.Object)'> (0x00000000d5c3b968) 
thrown [s\src\hotspot\share\interpreter\linkResolver.cpp, line 773]
Event: 27.424 Thread 0x000001dd28c5d600 Exception <a 'java/lang/NoClassDefFoundError'{0x00000000d5cdc510}: jakarta/servlet/ServletContainerInitializer> (0x00000000d5cdc510) 
thrown [s\src\hotspot\share\classfile\systemDictionary.cpp, line 301]
Event: 27.535 Thread 0x000001dd28c5d600 Exception <a 'java/lang/ClassNotFoundException'{0x00000000d5e31c88}: sun/util/logging/resources/spi/loggingProvider> (0x00000000d5e31c88) 
thrown [s\src\hotspot\share\classfile\systemDictionary.cpp, line 312]
Event: 51.738 Thread 0x000001dd28c5d600 Exception <a 'java/lang/NullPointerException'{0x00000000d67e1190}> (0x00000000d67e1190) 
thrown [s\src\hotspot\share\interpreter\linkResolver.cpp, line 1372]
Event: 51.738 Thread 0x000001dd28c5d600 Exception <a 'java/lang/NullPointerException'{0x00000000d67e1470}> (0x00000000d67e1470) 
thrown [s\src\hotspot\share\interpreter\linkResolver.cpp, line 1372]
Event: 52.103 Thread 0x000001dd28c5d600 Exception <a 'java/lang/NoSuchMethodError'{0x00000000d5934b20}: 'void java.lang.invoke.Invokers$Holder.invokeExact_MT(java.lang.Object, java.lang.Object, java.lang.Object)'> (0x00000000d5934b20) 
thrown [s\src\hotspot\share\interpreter\linkResolver.cpp, line 773]

ZGC Phase Switch (0 events):
No events

VM Operations (20 events):
Event: 49.336 Executing VM operation: Cleanup
Event: 49.336 Executing VM operation: Cleanup done
Event: 50.342 Executing VM operation: Cleanup
Event: 50.342 Executing VM operation: Cleanup done
Event: 51.648 Executing VM operation: HandshakeAllThreads (Deoptimize)
Event: 51.648 Executing VM operation: HandshakeAllThreads (Deoptimize) done
Event: 51.648 Executing VM operation: Cleanup
Event: 51.648 Executing VM operation: Cleanup done
Event: 51.943 Executing VM operation: HandshakeAllThreads (Deoptimize)
Event: 51.943 Executing VM operation: HandshakeAllThreads (Deoptimize) done
Event: 51.960 Executing VM operation: ParallelGCFailedAllocation (Allocation Failure)
Event: 51.971 Executing VM operation: ParallelGCFailedAllocation (Allocation Failure) done
Event: 52.977 Executing VM operation: Cleanup
Event: 53.165 Executing VM operation: Cleanup done
Event: 54.170 Executing VM operation: Cleanup
Event: 54.295 Executing VM operation: Cleanup done
Event: 55.298 Executing VM operation: Cleanup
Event: 55.360 Executing VM operation: Cleanup done
Event: 56.362 Executing VM operation: Cleanup
Event: 56.363 Executing VM operation: Cleanup done

Memory protections (0 events):
No events

Nmethod flushes (0 events):
No events

Events (20 events):
Event: 0.304 Thread 0x000001dd269ea480 Thread added: 0x000001dd28c57260
Event: 0.304 Thread 0x000001dd269ea480 Thread added: 0x000001dd28c593d0
Event: 0.305 Thread 0x000001dd269ea480 Thread added: 0x000001dd28c5cf70
Event: 0.305 Thread 0x000001dd269ea480 Thread added: 0x000001dd28c5dc90
Event: 0.305 Thread 0x000001dd269ea480 Thread added: 0x000001dd28c71880
Event: 0.305 Thread 0x000001dd269ea480 Thread added: 0x000001dd28c740e0
Event: 0.375 Thread 0x000001dd269ea480 Thread added: 0x000001dd28c5e320
Event: 1.009 Thread 0x000001dd269ea480 Thread added: 0x000001dd28c5e9b0
Event: 4.517 Thread 0x000001dd269ea480 Thread added: 0x000001dd28c5f040
Event: 25.924 Thread 0x000001dd269ea480 Thread added: 0x000001dd28c5f6d0
Event: 26.022 Thread 0x000001dd28c5f6d0 Thread added: 0x000001dd28c5c250
Event: 27.150 Thread 0x000001dd269ea480 Thread added: 0x000001dd28c5d600
Event: 27.637 Thread 0x000001dd28c740e0 Thread added: 0x000001dd82553c00
Event: 28.726 Thread 0x000001dd82553c00 Thread exited: 0x000001dd82553c00
Event: 33.082 Thread 0x000001dd28c740e0 Thread added: 0x000001dd82566740
Event: 33.501 Thread 0x000001dd82566740 Thread exited: 0x000001dd82566740
Event: 33.537 Thread 0x000001dd28c5d600 Thread added: 0x000001dd87522320
Event: 34.586 Thread 0x000001dd28c740e0 Thread added: 0x000001dd82566740
Event: 35.086 Thread 0x000001dd82566740 Thread exited: 0x000001dd82566740
Event: 51.916 Thread 0x000001dd28c5d600 Thread added: 0x000001dd875236d0


Dynamic libraries:
0x00007ff72f720000 - 0x00007ff72f72e000 	c:\Users\Dhanu\.vscode\extensions\redhat.java-1.46.0-win32-x64\jre\21.0.8-win32-x86_64\bin\java.exe
0x00007ffe916a0000 - 0x00007ffe91908000 	C:\WINDOWS\SYSTEM32\ntdll.dll
0x00007ffe90860000 - 0x00007ffe90929000 	C:\WINDOWS\System32\KERNEL32.DLL
0x00007ffe8eaa0000 - 0x00007ffe8ee98000 	C:\WINDOWS\System32\KERNELBASE.dll
0x00007ffe8eea0000 - 0x00007ffe8efeb000 	C:\WINDOWS\System32\ucrtbase.dll
0x00007ffe6fea0000 - 0x00007ffe6febe000 	c:\Users\Dhanu\.vscode\extensions\redhat.java-1.46.0-win32-x64\jre\21.0.8-win32-x86_64\bin\VCRUNTIME140.dll
0x00007ffe6aa40000 - 0x00007ffe6aa58000 	c:\Users\Dhanu\.vscode\extensions\redhat.java-1.46.0-win32-x64\jre\21.0.8-win32-x86_64\bin\jli.dll
0x00007ffe90c60000 - 0x00007ffe90e27000 	C:\WINDOWS\System32\USER32.dll
0x00007ffe8f0b0000 - 0x00007ffe8f0d7000 	C:\WINDOWS\System32\win32u.dll
0x00007ffe90320000 - 0x00007ffe9034b000 	C:\WINDOWS\System32\GDI32.dll
0x00007ffe8f0e0000 - 0x00007ffe8f20c000 	C:\WINDOWS\System32\gdi32full.dll
0x00007ffe8f210000 - 0x00007ffe8f2b3000 	C:\WINDOWS\System32\msvcp_win.dll
0x00007ffe750f0000 - 0x00007ffe75384000 	C:\WINDOWS\WinSxS\amd64_microsoft.windows.common-controls_6595b64144ccf1df_6.0.26100.7019_none_3e06ffa0e335b8a8\COMCTL32.dll
0x00007ffe90a30000 - 0x00007ffe90ad9000 	C:\WINDOWS\System32\msvcrt.dll
0x00007ffe8f9c0000 - 0x00007ffe8f9f1000 	C:\WINDOWS\System32\IMM32.DLL
0x00007ffe7d2b0000 - 0x00007ffe7d2bc000 	c:\Users\Dhanu\.vscode\extensions\redhat.java-1.46.0-win32-x64\jre\21.0.8-win32-x86_64\bin\vcruntime140_1.dll
0x00007ffe5c570000 - 0x00007ffe5c5fd000 	c:\Users\Dhanu\.vscode\extensions\redhat.java-1.46.0-win32-x64\jre\21.0.8-win32-x86_64\bin\msvcp140.dll
0x00007ffe101f0000 - 0x00007ffe10f87000 	c:\Users\Dhanu\.vscode\extensions\redhat.java-1.46.0-win32-x64\jre\21.0.8-win32-x86_64\bin\server\jvm.dll
0x00007ffe90f10000 - 0x00007ffe90fc4000 	C:\WINDOWS\System32\ADVAPI32.dll
0x00007ffe8fa00000 - 0x00007ffe8faa6000 	C:\WINDOWS\System32\sechost.dll
0x00007ffe90fd0000 - 0x00007ffe910e8000 	C:\WINDOWS\System32\RPCRT4.dll
0x00007ffe90be0000 - 0x00007ffe90c54000 	C:\WINDOWS\System32\WS2_32.dll
0x00007ffe80030000 - 0x00007ffe8003b000 	C:\WINDOWS\SYSTEM32\VERSION.dll
0x00007ffe8e650000 - 0x00007ffe8e6ae000 	C:\WINDOWS\SYSTEM32\POWRPROF.dll
0x00007ffe86f50000 - 0x00007ffe86f85000 	C:\WINDOWS\SYSTEM32\WINMM.dll
0x00007ffe8e630000 - 0x00007ffe8e644000 	C:\WINDOWS\SYSTEM32\UMPDC.dll
0x00007ffe8d5b0000 - 0x00007ffe8d5cb000 	C:\WINDOWS\SYSTEM32\kernel.appcore.dll
0x00007ffe7d010000 - 0x00007ffe7d01a000 	c:\Users\Dhanu\.vscode\extensions\redhat.java-1.46.0-win32-x64\jre\21.0.8-win32-x86_64\bin\jimage.dll
0x00007ffe8be20000 - 0x00007ffe8c062000 	C:\WINDOWS\SYSTEM32\DBGHELP.DLL
0x00007ffe8f440000 - 0x00007ffe8f7cb000 	C:\WINDOWS\System32\combase.dll
0x00007ffe8f8e0000 - 0x00007ffe8f9b7000 	C:\WINDOWS\System32\OLEAUT32.dll
0x00007ffe70cd0000 - 0x00007ffe70d0c000 	C:\WINDOWS\SYSTEM32\dbgcore.DLL
0x00007ffe8e7f0000 - 0x00007ffe8e895000 	C:\WINDOWS\System32\bcryptPrimitives.dll
0x00007ffe7e940000 - 0x00007ffe7e94f000 	c:\Users\Dhanu\.vscode\extensions\redhat.java-1.46.0-win32-x64\jre\21.0.8-win32-x86_64\bin\instrument.dll
0x00007ffe6aa20000 - 0x00007ffe6aa3f000 	c:\Users\Dhanu\.vscode\extensions\redhat.java-1.46.0-win32-x64\jre\21.0.8-win32-x86_64\bin\java.dll
0x00007ffe8fbb0000 - 0x00007ffe90301000 	C:\WINDOWS\System32\SHELL32.dll
0x00007ffe8e8a0000 - 0x00007ffe8ea0b000 	C:\WINDOWS\System32\wintypes.dll
0x00007ffe8c3f0000 - 0x00007ffe8cc4d000 	C:\WINDOWS\SYSTEM32\windows.storage.dll
0x00007ffe8f7d0000 - 0x00007ffe8f8c2000 	C:\WINDOWS\System32\SHCORE.dll
0x00007ffe8fab0000 - 0x00007ffe8fb17000 	C:\WINDOWS\System32\shlwapi.dll
0x00007ffe8e710000 - 0x00007ffe8e739000 	C:\WINDOWS\SYSTEM32\profapi.dll
0x00007ffe6a650000 - 0x00007ffe6a668000 	c:\Users\Dhanu\.vscode\extensions\redhat.java-1.46.0-win32-x64\jre\21.0.8-win32-x86_64\bin\zip.dll
0x00007ffe7d9e0000 - 0x00007ffe7d9f0000 	C:\Users\Dhanu\.vscode\extensions\redhat.java-1.46.0-win32-x64\jre\21.0.8-win32-x86_64\bin\net.dll
0x00007ffe81360000 - 0x00007ffe81488000 	C:\WINDOWS\SYSTEM32\WINHTTP.dll
0x00007ffe8db20000 - 0x00007ffe8db8b000 	C:\WINDOWS\system32\mswsock.dll
0x00007ffe7ca00000 - 0x00007ffe7ca16000 	C:\Users\Dhanu\.vscode\extensions\redhat.java-1.46.0-win32-x64\jre\21.0.8-win32-x86_64\bin\nio.dll
0x00007ffe7d680000 - 0x00007ffe7d690000 	c:\Users\Dhanu\.vscode\extensions\redhat.java-1.46.0-win32-x64\jre\21.0.8-win32-x86_64\bin\verify.dll
0x00007ffe67b60000 - 0x00007ffe67ba4000 	C:\Users\Dhanu\AppData\Roaming\Code\User\globalStorage\redhat.java\1.46.0\config_win\org.eclipse.equinox.launcher\org.eclipse.equinox.launcher.win32.win32.x86_64_1.2.1400.v20250801-0854\eclipse_11916.dll
0x00007ffe91460000 - 0x00007ffe915f7000 	C:\WINDOWS\System32\ole32.dll

JVMTI agents:
c:\Users\Dhanu\.vscode\extensions\redhat.java-1.46.0-win32-x64\lombok\lombok-1.18.39-4050.jar path:c:\Users\Dhanu\.vscode\extensions\redhat.java-1.46.0-win32-x64\jre\21.0.8-win32-x86_64\bin\instrument.dll, loaded, initialized, instrumentlib options:none

dbghelp: loaded successfully - version: 4.0.5 - missing functions: none
symbol engine: initialized successfully - sym options: 0x614 - pdb path: .;c:\Users\Dhanu\.vscode\extensions\redhat.java-1.46.0-win32-x64\jre\21.0.8-win32-x86_64\bin;C:\WINDOWS\SYSTEM32;C:\WINDOWS\WinSxS\amd64_microsoft.windows.common-controls_6595b64144ccf1df_6.0.26100.7019_none_3e06ffa0e335b8a8;c:\Users\Dhanu\.vscode\extensions\redhat.java-1.46.0-win32-x64\jre\21.0.8-win32-x86_64\bin\server;C:\Users\Dhanu\AppData\Roaming\Code\User\globalStorage\redhat.java\1.46.0\config_win\org.eclipse.equinox.launcher\org.eclipse.equinox.launcher.win32.win32.x86_64_1.2.1400.v20250801-0854

VM Arguments:
jvm_args: --add-modules=ALL-SYSTEM --add-opens=java.base/java.util=ALL-UNNAMED --add-opens=java.base/java.lang=ALL-UNNAMED --add-opens=java.base/sun.nio.fs=ALL-UNNAMED -Declipse.application=org.eclipse.jdt.ls.core.id1 -Dosgi.bundles.defaultStartLevel=4 -Declipse.product=org.eclipse.jdt.ls.core.product -Djava.import.generatesMetadataFilesAtProjectRoot=false -DDetectVMInstallationsJob.disabled=true -Dfile.encoding=utf8 -XX:+UseParallelGC -XX:GCTimeRatio=4 -XX:AdaptiveSizePolicyWeight=90 -Dsun.zip.disableMemoryMapping=true -Xmx2G -Xms100m -Xlog:disable -javaagent:c:\Users\Dhanu\.vscode\extensions\redhat.java-1.46.0-win32-x64\lombok\lombok-1.18.39-4050.jar -XX:+HeapDumpOnOutOfMemoryError -XX:HeapDumpPath=c:\Users\Dhanu\AppData\Roaming\Code\User\workspaceStorage\94e23e3735862b9111d7885f3dc79269\redhat.java -Daether.dependencyCollector.impl=bf 
java_command: c:\Users\Dhanu\.vscode\extensions\redhat.java-1.46.0-win32-x64\server\plugins\org.eclipse.equinox.launcher_1.7.0.v20250519-0528.jar -configuration c:\Users\Dhanu\AppData\Roaming\Code\User\globalStorage\redhat.java\1.46.0\config_win -data c:\Users\Dhanu\AppData\Roaming\Code\User\workspaceStorage\94e23e3735862b9111d7885f3dc79269\redhat.java\jdt_ws --pipe=\\.\pipe\lsp-b78025f44cbe89a888ec566463ee9c05-sock
java_class_path (initial): c:\Users\Dhanu\.vscode\extensions\redhat.java-1.46.0-win32-x64\server\plugins\org.eclipse.equinox.launcher_1.7.0.v20250519-0528.jar
Launcher Type: SUN_STANDARD

[Global flags]
    uintx AdaptiveSizePolicyWeight                 = 90                                        {product} {command line}
     intx CICompilerCount                          = 4                                         {product} {ergonomic}
    uintx GCTimeRatio                              = 4                                         {product} {command line}
     bool HeapDumpOnOutOfMemoryError               = true                                   {manageable} {command line}
    ccstr HeapDumpPath                             = c:\Users\Dhanu\AppData\Roaming\Code\User\workspaceStorage\94e23e3735862b9111d7885f3dc79269\redhat.java         {manageable} {command line}
   size_t InitialHeapSize                          = 104857600                                 {product} {command line}
   size_t MaxHeapSize                              = 2147483648                                {product} {command line}
   size_t MaxNewSize                               = 715653120                                 {product} {ergonomic}
   size_t MinHeapDeltaBytes                        = 524288                                    {product} {ergonomic}
   size_t MinHeapSize                              = 104857600                                 {product} {command line}
   size_t NewSize                                  = 34603008                                  {product} {ergonomic}
    uintx NonNMethodCodeHeapSize                   = 5839372                                {pd product} {ergonomic}
    uintx NonProfiledCodeHeapSize                  = 122909434                              {pd product} {ergonomic}
   size_t OldSize                                  = 70254592                                  {product} {ergonomic}
    uintx ProfiledCodeHeapSize                     = 122909434                              {pd product} {ergonomic}
    uintx ReservedCodeCacheSize                    = 251658240                              {pd product} {ergonomic}
     bool SegmentedCodeCache                       = true                                      {product} {ergonomic}
   size_t SoftMaxHeapSize                          = 2147483648                             {manageable} {ergonomic}
     bool UseCompressedOops                        = true                           {product lp64_product} {ergonomic}
     bool UseLargePagesIndividualAllocation        = false                                  {pd product} {ergonomic}
     bool UseParallelGC                            = true                                      {product} {command line}

Logging:
Log output configuration:
 #0: stdout all=off uptime,level,tags foldmultilines=false
 #1: stderr all=off uptime,level,tags foldmultilines=false

Environment Variables:
JAVA_HOME=C:\Program Files\java\jdk-21
PATH=C:\WINDOWS\system32;C:\WINDOWS;C:\WINDOWS\System32\Wbem;C:\WINDOWS\System32\WindowsPowerShell\v1.0\;C:\WINDOWS\System32\OpenSSH\;C:\Program Files\dotnet\;C:\TDM-GCC-64\bin;C:\Program Files\Git\cmd;C:\Program Files\nodejs\;C:\Program Files\Go\bin;C:\Users\Dhanu\OneDrive\Desktop\gradle-8.14.3\bin;C:\Program Files\Docker\Docker\resources\bin;C:\Program Files (x86)\Microsoft SQL Server\160\Tools\Binn\;C:\Program Files\Microsoft SQL Server\160\Tools\Binn\;C:\Program Files\Microsoft SQL Server\Client SDK\ODBC\170\Tools\Binn\;C:\Program Files\Microsoft SQL Server\160\DTS\Binn\;C:\Users\Dhanu\AppData\Local\Programs\Python\Python312\Scripts\;C:\Users\Dhanu\AppData\Local\Programs\Python\Python312\;C:\Users\Dhanu\AppData\Local\Microsoft\WindowsApps;C:\src;C:\Users\Dhanu\Downloads\PortableGit-2.40.0-64-bit.7z.exe;C:\src\flutter\bin;C:\dart-sdk;C:\Users\Dhanu\OneDrive\Desktop\android-studio-2022.1.1.21-windows.exe;C:\Users\Dhanu\Downloads\node-v18.15.0-x64.msi;C:\Users\Dhanu\AppData\Local\Programs\Microsoft VS Code\bin;C:\Users\Dhanu\AppData\Roaming\npm;C:\Users\Dhanu\go\bin;C:\Program Files\Java\jdk-17\bin;
USERNAME=Dhanu
OS=Windows_NT
PROCESSOR_IDENTIFIER=Intel64 Family 6 Model 140 Stepping 1, GenuineIntel
TMP=C:\Users\Dhanu\AppData\Local\Temp
TEMP=C:\Users\Dhanu\AppData\Local\Temp




Periodic native trim disabled

---------------  S Y S T E M  ---------------

OS:
 Windows 11 , 64 bit Build 26100 (10.0.26100.7019)
OS uptime: 3 days 9:09 hours
Hyper-V role detected

CPU: total 8 (initial active 8) (4 cores per cpu, 2 threads per core) family 6 model 140 stepping 1 microcode 0xbc, cx8, cmov, fxsr, ht, mmx, 3dnowpref, sse, sse2, sse3, ssse3, sse4.1, sse4.2, popcnt, lzcnt, tsc, tscinvbit, avx, avx2, aes, erms, clmul, bmi1, bmi2, adx, avx512f, avx512dq, avx512cd, avx512bw, avx512vl, sha, fma, vzeroupper, avx512_vpopcntdq, avx512_vpclmulqdq, avx512_vaes, avx512_vnni, clflush, clflushopt, clwb, avx512_vbmi2, avx512_vbmi, hv, rdtscp, rdpid, fsrm, gfni, avx512_bitalg, f16c, cet_ibt, cet_ss, avx512_ifma
Processor Information for processor 0
  Max Mhz: 2419, Current Mhz: 1209, Mhz Limit: 2419
Processor Information for processor 1
  Max Mhz: 2419, Current Mhz: 1209, Mhz Limit: 2419
Processor Information for processor 2
  Max Mhz: 2419, Current Mhz: 1209, Mhz Limit: 2419
Processor Information for processor 3
  Max Mhz: 2419, Current Mhz: 1209, Mhz Limit: 2419
Processor Information for processor 4
  Max Mhz: 2419, Current Mhz: 1209, Mhz Limit: 2419
Processor Information for processor 5
  Max Mhz: 2419, Current Mhz: 1209, Mhz Limit: 2419
Processor Information for processor 6
  Max Mhz: 2419, Current Mhz: 1209, Mhz Limit: 2419
Processor Information for processor 7
  Max Mhz: 2419, Current Mhz: 2419, Mhz Limit: 2419

Memory: 4k page, system-wide physical 7926M (611M free)
TotalPageFile size 32502M (AvailPageFile size 0M)
current process WorkingSet (physical memory assigned to process): 87M, peak: 91M
current process commit charge ("private bytes"): 250M, peak: 254M

vm_info: OpenJDK 64-Bit Server VM (21.0.8+9-LTS) for windows-amd64 JRE (21.0.8+9-LTS), built on 2025-07-15T00:00:00Z by "admin" with MS VC++ 17.7 (VS2022)

END.
